// Jest Snapshot v1, https://goo.gl/fbAQLP

exports[`Render MovieOverview 1`] = `
Array [
  <div
    className="movie-rating"
  >
    <div
      className="movie-rating__score"
    >
      10
    </div>
    <p
      className="movie-rating__meta"
    >
      <span
        className="movie-rating__level"
      />
      <span
        className="movie-rating__count"
      >
        350
         ratings
      </span>
    </p>
  </div>,
  <div
    className="movie-card__text"
  >
    FBI agent tries to solve murders all around the USA
    <p
      className="movie-card__director"
    >
      <strong>
        Director:
        Dan Desk
      </strong>
    </p>
    <p
      className="movie-card__starring"
    >
      <strong>
        Starring: 
        Kim Check,Alan Rickman,Peter Brower
         and other
      </strong>
    </p>
  </div>,
]
`;
