// Jest Snapshot v1, https://goo.gl/fbAQLP

exports[`Render MoviewReviews 1`] = `
<div
  className="movie-card__reviews movie-card__row"
>
  <div
    className="movie-card__reviews-col"
  >
    <div
      className="review"
    >
      <blockquote
        className="review__quote"
      >
        <p
          className="review__text"
        >
          Cool thing, love it!
        </p>
        <footer
          className="review__details"
        >
          <cite
            className="review__author"
          >
            Zack
          </cite>
          <time
            className="review__date"
            dateTime="2016-12-24"
          >
            May, 09 2019
          </time>
        </footer>
      </blockquote>
      <div
        className="review__rating"
      >
        3.4
      </div>
    </div>
  </div>
  <div
    className="movie-card__reviews-col"
  >
    <div
      className="review"
    >
      <blockquote
        className="review__quote"
      >
        <p
          className="review__text"
        >
          Watch it now everyone!
        </p>
        <footer
          className="review__details"
        >
          <cite
            className="review__author"
          >
            Kate Muir
          </cite>
          <time
            className="review__date"
            dateTime="2016-12-24"
          >
            May, 09 2019
          </time>
        </footer>
      </blockquote>
      <div
        className="review__rating"
      >
        3.8
      </div>
    </div>
  </div>
</div>
`;
