// Jest Snapshot v1, https://goo.gl/fbAQLP

exports[`withMovieList is rendered correctly 1`] = `null`;
