// Jest Snapshot v1, https://goo.gl/fbAQLP

exports[`withButton is rendered correctly 1`] = `null`;
