// Jest Snapshot v1, https://goo.gl/fbAQLP

exports[`withSignIn is rendered correctly 1`] = `null`;
